#
# Copyright (C) 2022 The Android Open Source Project
#
# Licensed under the Apache License, Version 2.0 (the "License");
# you may not use this file except in compliance with the License.
# You may obtain a copy of the License at
#
#      http://www.apache.org/licenses/LICENSE-2.0
#
# Unless required by applicable law or agreed to in writing, software
# distributed under the License is distributed on an "AS IS" BASIS,
# WITHOUT WARRANTIES OR CONDITIONS OF ANY KIND, either express or implied.
# See the License for the specific language governing permissions and
# limitations under the License.
#

ART {
  global:
    extern "C++" {
      art::AddNativeDebugInfoForJit*;
      art::AotClassLinker::CanReferenceInBootImageExtension*;
      art::AotClassLinker::SetSdkChecker*;
      art::ArtField::PrettyField*;
      art::ArtField::ProxyFindSystemClass*;
      art::ArtMethod::CopyFrom*;
      art::ArtMethod::FindCatchBlock*;
      art::ArtMethod::FindDexMethodIndexInOtherDexFile*;
      art::ArtMethod::FindObsoleteDexClassDefIndex*;
      art::ArtMethod::FromReflectedMethod*;
      art::ArtMethod::GetCanonicalMethod*;
      art::ArtMethod::GetInvokeType*;
      art::ArtMethod::GetOatMethodQuickCode*;
      art::ArtMethod::GetObsoleteDexCache*;
      art::ArtMethod::GetRuntimeMethodName*;
      art::ArtMethod::GetSingleImplementation*;
      art::ArtMethod::HasAnyCompiledCode*;
      art::ArtMethod::HasSameNameAndSignature*;
      art::ArtMethod::Invoke*;
      art::ArtMethod::IsImagePointerSize*;
      art::ArtMethod::IsSignaturePolymorphic*;
      art::ArtMethod::NumArgRegisters*;
      art::ArtMethod::PrettyMethod*;
      art::ArtMethod::SetCodeItem*;
      art::ArtMethod::SetNotIntrinsic*;
      art::Barrier::Barrier*;
      art::Barrier::Pass*;
      art::Barrier::~Barrier*;
      art::BoxPrimitive*;
      art::CanMethodUseNterp*;
      art::ClassLinker::AllocClass*;
      art::ClassLinker::ClassTableForClassLoader*;
      art::ClassLinker::CreatePathClassLoader*;
      art::ClassLinker::DoLookupResolvedType*;
      art::ClassLinker::DoLookupString*;
      art::ClassLinker::DoResolveString*;
      art::ClassLinker::DoResolveType*;
      art::ClassLinker::DropFindArrayClassCache*;
      art::ClassLinker::EnsureInitialized*;
      art::ClassLinker::FillIMTAndConflictTables*;
      art::ClassLinker::FindClass*;
      art::ClassLinker::FindDexCache*;
      art::ClassLinker::FindIncompatibleMethod*;
      art::ClassLinker::FindResolvedField*;
      art::ClassLinker::FindResolvedMethod*;
      art::ClassLinker::ForceClassInitialized*;
      art::ClassLinker::GetAllocatorForClassLoader*;
      art::ClassLinker::IsBootClassLoader*;
      art::ClassLinker::IsJniDlsymLookupCriticalStub*;
      art::ClassLinker::IsJniDlsymLookupStub*;
      art::ClassLinker::IsQuickGenericJniStub*;
      art::ClassLinker::IsQuickResolutionStub*;
      art::ClassLinker::IsQuickToInterpreterBridge*;
      art::ClassLinker::LinkClass*;
      art::ClassLinker::LoadClass*;
      art::ClassLinker::LookupClass*;
      art::ClassLinker::LookupResolvedField*;
      art::ClassLinker::LookupResolvedType*;
      art::ClassLinker::MakeInitializedClassesVisiblyInitialized*;
      art::ClassLinker::OpenImageDexFiles*;
      art::ClassLinker::RegisterDexFile*;
      art::ClassLinker::RegisterExistingDexCache*;
      art::ClassLinker::ResolveFieldJLS*;
      art::ClassLinker::ResolveMethodWithoutInvokeType*;
      art::ClassLinker::SetEntryPointsForObsoleteMethod*;
      art::ClassLinker::SetupClass*;
      art::ClassLinker::ValidateSuperClassDescriptors*;
      art::ClassLinker::VerifyClass*;
      art::ClassLinker::VisitAllocators*;
      art::ClassLinker::VisitClassLoaders*;
      art::ClassLinker::VisitClasses*;
      art::ClassLinker::VisitClassesWithoutClassesLock*;
      art::ClassLoaderContext::Create*;
      art::ClassLoaderContext::Default*;
      art::ClassLoaderContext::EncodeContextForOatFile*;
      art::ClassLoaderContext::FlattenDexPaths*;
      art::ClassLoaderContext::FlattenOpenedDexFiles*;
      art::ClassLoaderContext::OpenDexFiles*;
      art::ClassLoaderContext::RemoveLocationsFromClassPaths*;
      art::ClassLoaderContext::VerifyClassLoaderContextMatch*;
      art::ClassLoaderContext::~ClassLoaderContext*;
      art::ClassTable::ClassTable*;
      art::ClassTable::NumReferencedZygoteClasses*;
      art::ClassTable::ReadFromMemory*;
      art::CodeInfo::CodeInfo*;
      art::CodeInfo::CollectSizeStats*;
      art::CodeInfo::DecodeDexRegisterMap*;
      art::CodeInfo::Dump*;
      art::CodeInfo::GetStackMapForNativePcOffset*;
      art::ConditionVariable::Broadcast*;
      art::ConditionVariable::ConditionVariable*;
      art::ConditionVariable::Wait*;
      art::ConditionVariable::~ConditionVariable*;
      art::Context::Create*;
      art::Dbg::DdmConnected*;
      art::Dbg::DdmDisconnected*;
      art::Dbg::DdmHandleChunk*;
      art::Dbg::IsJdwpAllowed*;
      art::Dbg::SetJdwpAllowed*;
      art::DescribeSpace*;
      art::EntrypointCanTriggerGC*;
      art::EntrypointRequiresStackMap*;
      art::FaultHandler::FaultHandler*;
      art::FaultManager::AddHandler*;
      art::FaultManager::RemoveHandler*;
      art::GetJITCodeEntrySymFile*;
      art::GetNativeDebugInfoLock*;
      art::GetRuntimeShutdownNativeInterface*;
      art::ImageHeader::GetImageMethod*;
      art::ImageHeader::GetImageSectionName*;
      art::ImageHeader::GetImageSpaceCount*;
      art::ImageHeader::GetMagic*;
      art::ImageHeader::GetPointerSize*;
      art::ImageHeader::ImageHeader*;
      art::ImageHeader::IsAppImage*;
      art::ImageHeader::IsValid*;
      art::ImageHeader::VisitObjects*;
      art::IndirectReferenceTable::Add*;
      art::IndirectReferenceTable::AssertEmpty*;
      art::IndirectReferenceTable::VisitRoots*;
      art::InitializeIntrinsics*;
      art::InstructionSetFeatures::AddFeaturesFromString*;
      art::InstructionSetFeatures::AsArm64InstructionSetFeatures*;
      art::InstructionSetFeatures::AsArmInstructionSetFeatures*;
      art::InstructionSetFeatures::AsX86InstructionSetFeatures*;
      art::InstructionSetFeatures::AsX86_64InstructionSetFeatures*;
      art::InstructionSetFeatures::FromBitmap*;
      art::InstructionSetFeatures::FromCppDefines*;
      art::InstructionSetFeatures::FromVariant*;
      art::InstructionSetFeatures::FromVariantAndHwcap*;
      art::InternTable::InsertStrong*;
      art::InternTable::InternStrong*;
      art::InternTable::InternTable*;
      art::InternTable::Size*;
      art::InternTable::Table::Find*;
      art::InternTable::VisitRoots*;
      art::InterpreterCache::Clear*;
      art::JNIEnvExt::DeleteLocalRef*;
      art::JNIEnvExt::GetFunctionTable*;
      art::JNIEnvExt::LocalRefCookieOffset*;
      art::JNIEnvExt::NewLocalRef*;
      art::JNIEnvExt::SegmentStateOffset*;
      art::JNIEnvExt::SelfOffset*;
      art::JNIEnvExt::SetTableOverride*;
      art::JavaVMExt::AddEnvironmentHook*;
      art::JavaVMExt::AddGlobalRef*;
      art::JavaVMExt::AddWeakGlobalRef*;
      art::JavaVMExt::DeleteGlobalRef*;
      art::JavaVMExt::DeleteWeakGlobalRef*;
      art::JavaVMExt::LoadNativeLibrary*;
      art::JavaVMExt::SweepJniWeakGlobals*;
      art::JavaVMExt::VisitRoots*;
      art::LZ4_decompress_safe_checked*;
      art::LinearAlloc::Alloc*;
      art::Locks::Init*;
      art::Locks::IsExpectedOnWeakRefAccess*;
      art::Locks::IsSafeToCallAbortRacy*;
      art::Locks::classlinker_classes_lock_*;
      art::Locks::dex_lock_*;
      art::Locks::heap_bitmap_lock_*;
      art::Locks::intern_table_lock_*;
      art::Locks::jit_lock_*;
      art::Locks::jni_function_table_lock_*;
      art::Locks::mutator_lock_*;
      art::Locks::runtime_shutdown_lock_*;
      art::Locks::subtype_check_lock_*;
      art::Locks::thread_list_lock_*;
      art::Locks::thread_suspend_count_lock_*;
      art::Locks::user_code_suspension_lock_*;
      art::Monitor::Deflate*;
      art::Monitor::GetContendedMonitor*;
      art::Monitor::GetLockOwnerThreadId*;
      art::Monitor::MonitorEnter*;
      art::Monitor::MonitorExit*;
      art::Monitor::VisitLocks*;
      art::Monitor::Wait*;
      art::MonitorInfo::MonitorInfo*;
      art::MonitorList::Size*;
      art::Mutex::ExclusiveLock*;
      art::Mutex::ExclusiveUnlock*;
      art::Mutex::Mutex*;
      art::Mutex::~Mutex*;
      art::NonDebuggableClasses::non_debuggable_classes*;
      art::OatDexFile::FileSize*;
      art::OatDexFile::FindClassDef*;
      art::OatDexFile::GetOatClass*;
      art::OatDexFile::GetOatClassOffset*;
      art::OatDexFile::OatDexFile*;
      art::OatDexFile::OpenDexFile*;
      art::OatDexFile::~OatDexFile*;
      art::OatFile::Begin*;
      art::OatFile::DexBegin*;
      art::OatFile::End*;
      art::OatFile::FindOatClass*;
      art::OatFile::GetBootImageRelocations*;
      art::OatFile::GetBssGcRoots*;
      art::OatFile::GetBssMethods*;
      art::OatFile::GetCompilerFilter*;
      art::OatFile::GetOatHeader*;
      art::OatFile::OatClass::GetOatMethod*;
      art::OatFile::Open*;
      art::OatFileAssistant::Create*;
      art::OatFileAssistant::DexLocationToOatFilename*;
      art::OatFileAssistant::DexLocationToOdexFilename*;
      art::OatFileAssistant::GetDexOptNeeded*;
      art::OatFileAssistant::GetOptimizationStatus*;
      art::OatFileAssistant::IsAnonymousVdexBasename*;
      art::OatFileAssistant::IsInBootClassPath*;
      art::OatFileAssistant::OatFileAssistant*;
      art::OatFileAssistantContext::FetchAll*;
      art::OatFileAssistantContext::OatFileAssistantContext*;
      art::OatFileManager::FindOpenedOatFileFromOatLocation*;
      art::OatFileManager::GetBootOatFiles*;
      art::OatFileManager::RegisterOatFile*;
      art::OatFileManager::WaitForBackgroundVerificationTasks*;
      art::OatHeader::CheckOatVersion*;
      art::OatHeader::Create*;
      art::OatHeader::GetChecksum*;
      art::OatHeader::GetExecutableOffset*;
      art::OatHeader::GetHeaderSize*;
      art::OatHeader::GetInstructionSet*;
      art::OatHeader::GetInstructionSetFeaturesBitmap*;
      art::OatHeader::GetJniDlsymLookupCriticalTrampoline*;
      art::OatHeader::GetJniDlsymLookupCriticalTrampolineOffset*;
      art::OatHeader::GetJniDlsymLookupTrampoline*;
      art::OatHeader::GetJniDlsymLookupTrampolineOffset*;
      art::OatHeader::GetKeyValueStore*;
      art::OatHeader::GetKeyValueStoreSize*;
      art::OatHeader::GetMagic*;
      art::OatHeader::GetNterpTrampoline*;
      art::OatHeader::GetNterpTrampolineOffset*;
      art::OatHeader::GetQuickGenericJniTrampoline*;
      art::OatHeader::GetQuickGenericJniTrampolineOffset*;
      art::OatHeader::GetQuickImtConflictTrampoline*;
      art::OatHeader::GetQuickImtConflictTrampolineOffset*;
      art::OatHeader::GetQuickResolutionTrampoline*;
      art::OatHeader::GetQuickResolutionTrampolineOffset*;
      art::OatHeader::GetQuickToInterpreterBridge*;
      art::OatHeader::GetQuickToInterpreterBridgeOffset*;
      art::OatHeader::GetStoreKeyValuePairByIndex*;
      art::OatHeader::GetStoreValueByKey*;
      art::OatHeader::IsNativeDebuggable*;
      art::OatHeader::IsValid*;
      art::OatHeader::SetBcpBssInfoOffset*;
      art::OatHeader::SetChecksum*;
      art::OatHeader::SetExecutableOffset*;
      art::OatHeader::SetJniDlsymLookupCriticalTrampolineOffset*;
      art::OatHeader::SetJniDlsymLookupTrampolineOffset*;
      art::OatHeader::SetNterpTrampolineOffset*;
      art::OatHeader::SetOatDexFilesOffset*;
      art::OatHeader::SetQuickGenericJniTrampolineOffset*;
      art::OatHeader::SetQuickImtConflictTrampolineOffset*;
      art::OatHeader::SetQuickResolutionTrampolineOffset*;
      art::OatHeader::SetQuickToInterpreterBridgeOffset*;
      art::OatQuickMethodHeader::IsNterpMethodHeader*;
      art::OatQuickMethodHeader::ToNativeQuickPc*;
      art::ObjPtr*art::ClassLinker::DoResolveType*;
      art::ObjectLock*::ObjectLock*;
      art::ObjectLock*::~ObjectLock*;
      art::ProfileSaver::ForceProcessProfiles*;
      art::ProfilingInfo::Create*;
      art::ProfilingInfo::GetInlineCache*;
      art::ReadBarrier::kEnableReadBarrierInvariantChecks*;
      art::ReadBarrier::kEnableToSpaceInvariantChecks*;
      art::ReaderWriterMutex::ExclusiveLock*;
      art::ReaderWriterMutex::ExclusiveUnlock*;
      art::ReaderWriterMutex::HandleSharedLockContention*;
      art::ReaderWriterMutex::IsSharedHeld*;
      art::ReaderWriterMutex::ReaderWriterMutex*;
      art::ReaderWriterMutex::~ReaderWriterMutex*;
      art::ReferenceTable::VisitRoots*;
      art::Roles::uninterruptible_*;
      art::Runtime::Abort*;
      art::Runtime::AddExtraBootDexFiles*;
      art::Runtime::AddSystemWeakHolder*;
      art::Runtime::AppendToBootClassPath*;
      art::Runtime::AttachAgent*;
      art::Runtime::AttachCurrentThread*;
      art::Runtime::CallExitHook*;
      art::Runtime::CanRelocate*;
      art::Runtime::Create*;
      art::Runtime::CreateCalleeSaveMethod*;
      art::Runtime::DeoptimizeBootImage*;
      art::Runtime::EndThreadBirth*;
      art::Runtime::EnterTransactionMode*;
      art::Runtime::ExitTransactionMode*;
      art::Runtime::GetPreAllocatedNoClassDefFoundError*;
      art::Runtime::GetPreAllocatedOutOfMemoryErrorWhenHandlingStackOverflow*;
      art::Runtime::GetPreAllocatedOutOfMemoryErrorWhenThrowingException*;
      art::Runtime::GetPreAllocatedOutOfMemoryErrorWhenThrowingOOME*;
      art::Runtime::GetRuntimeCallbacks*;
      art::Runtime::GetSentinel*;
      art::Runtime::GetStartupCompleted*;
      art::Runtime::GetSystemClassLoader*;
      art::Runtime::GetSystemThreadGroup*;
      art::Runtime::IsActiveTransaction*;
      art::Runtime::IsAsyncDeoptimizeable*;
      art::Runtime::IsShuttingDown*;
      art::Runtime::IsVerificationSoftFail*;
      art::Runtime::ParseOptions*;
      art::Runtime::ReclaimArenaPoolMemory*;
      art::Runtime::RecordWriteArray*;
      art::Runtime::RecordWriteField32*;
      art::Runtime::RecordWriteFieldReference*;
      art::Runtime::RemoveSystemWeakHolder*;
      art::Runtime::ResetStartupCompleted*;
      art::Runtime::RollbackAllTransactions*;
      art::Runtime::RunRootClinits*;
      art::Runtime::SetCalleeSaveMethod*;
      art::Runtime::SetInstructionSet*;
      art::Runtime::SetJavaDebuggable*;
      art::Runtime::SetJniIdType*;
      art::Runtime::SweepSystemWeaks*;
      art::Runtime::UpdateProcessState*;
      art::Runtime::UseJitCompilation*;
      art::Runtime::VisitImageRoots*;
      art::Runtime::VisitReflectiveTargets*;
      art::Runtime::VisitRoots*;
      art::Runtime::instance_*;
      art::Runtime::~Runtime*;
      art::RuntimeArgumentMap::BootClassPathDexList*;
      art::RuntimeCallbacks::AddClassLoadCallback*;
      art::RuntimeCallbacks::AddDdmCallback*;
      art::RuntimeCallbacks::AddDebuggerControlCallback*;
      art::RuntimeCallbacks::AddMethodCallback*;
      art::RuntimeCallbacks::AddMethodInspectionCallback*;
      art::RuntimeCallbacks::AddMonitorCallback*;
      art::RuntimeCallbacks::AddParkCallback*;
      art::RuntimeCallbacks::AddReflectiveValueVisitCallback*;
      art::RuntimeCallbacks::AddRuntimePhaseCallback*;
      art::RuntimeCallbacks::AddRuntimeSigQuitCallback*;
      art::RuntimeCallbacks::AddThreadLifecycleCallback*;
      art::RuntimeCallbacks::RemoveClassLoadCallback*;
      art::RuntimeCallbacks::RemoveDdmCallback*;
      art::RuntimeCallbacks::RemoveDebuggerControlCallback*;
      art::RuntimeCallbacks::RemoveMethodCallback*;
      art::RuntimeCallbacks::RemoveMethodInspectionCallback*;
      art::RuntimeCallbacks::RemoveMonitorCallback*;
      art::RuntimeCallbacks::RemoveParkCallback*;
      art::RuntimeCallbacks::RemoveReflectiveValueVisitCallback*;
      art::RuntimeCallbacks::RemoveRuntimePhaseCallback*;
      art::RuntimeCallbacks::RemoveRuntimeSigQuitCallback*;
      art::RuntimeCallbacks::RemoveThreadLifecycleCallback*;
      art::ScopedExceptionStorage::ScopedExceptionStorage*;
      art::ScopedExceptionStorage::~ScopedExceptionStorage*;
      art::ScopedObjectAccessAlreadyRunnable::DCheckObjIsNotClearedJniWeakGlobal*;
      art::ScopedProfilingInfoUse::ScopedProfilingInfoUse*;
      art::ScopedProfilingInfoUse::~ScopedProfilingInfoUse*;
      art::ScopedSuspendAll::ScopedSuspendAll*;
      art::ScopedSuspendAll::~ScopedSuspendAll*;
      art::ScopedThreadStateChange::ScopedThreadChangeDestructorCheck*;
      art::SdkChecker::Create*;
      art::StackMap::Dump*;
      art::StackVisitor::ComputeNumFrames*;
      art::StackVisitor::GetDexPc*;
      art::StackVisitor::GetMethod*;
      art::StackVisitor::GetNativePcOffset*;
      art::StackVisitor::GetThisObject*;
      art::StackVisitor::GetVReg*;
      art::StackVisitor::GetVRegPair*;
      art::StackVisitor::SetMethod*;
      art::StackVisitor::SetVReg*;
      art::StackVisitor::SetVRegPair*;
      art::StackVisitor::SetVRegReference*;
      art::StackVisitor::StackVisitor*;
      art::Thread::AssertNoPendingException*;
      art::Thread::AssertPendingException*;
      art::Thread::AssertPendingOOMException*;
      art::Thread::Attach*;
      art::Thread::CanLoadClasses*;
      art::Thread::CreateNativeThread*;
      art::Thread::DecodeJObject*;
      art::Thread::Dump*;
      art::Thread::FindOrCreateDebuggerShadowFrame*;
      art::Thread::FromManagedThread*;
      art::Thread::FullSuspendCheck*;
      art::Thread::GetCurrentMethod*;
      art::Thread::GetCustomTLS*;
      art::Thread::GetNativePriority*;
      art::Thread::GetPeerFromOtherThread*;
      art::Thread::GetThreadName*;
      art::Thread::HoldsLock*;
      art::Thread::Interrupt*;
      art::Thread::Interrupted*;
      art::Thread::IsAotCompiler*;
      art::Thread::IsExceptionThrownByCurrentMethod*;
      art::Thread::IsInterrupted*;
      art::Thread::IsJWeakCleared*;
      art::Thread::IsStillStarting*;
      art::Thread::IsSystemDaemon*;
      art::Thread::ModifySuspendCountInternal*;
      art::Thread::Notify*;
      art::Thread::PassActiveSuspendBarriers*;
      art::Thread::RequestCheckpoint*;
      art::Thread::RequestSynchronousCheckpoint*;
      art::Thread::RunCheckpointFunction*;
      art::Thread::RunEmptyCheckpoint*;
      art::Thread::RunFlipFunction*;
      art::Thread::SetAsyncException*;
      art::Thread::SetCustomTLS*;
      art::Thread::SetException*;
      art::Thread::SetNativePriority*;
      art::Thread::SetThreadName*;
      art::Thread::ThrowNewExceptionF*;
      art::Thread::ThrowOutOfMemoryError*;
      art::Thread::VerifyStackImpl*;
      art::Thread::is_started_*;
      art::Thread::resume_cond_*;
      art::Thread::self_tls_*;
      art::ThreadList::Dump*;
      art::ThreadList::FindThreadByThreadId*;
      art::ThreadList::ForEach*;
      art::ThreadList::Resume*;
      art::ThreadList::ResumeAll*;
      art::ThreadList::RunCheckpoint*;
      art::ThreadList::SuspendAll*;
      art::ThreadList::SuspendThreadByPeer*;
      art::ThreadList::SweepInterpreterCaches*;
      art::ThreadPool::AddTask*;
      art::ThreadPool::GetWorkers*;
      art::ThreadPool::StartWorkers*;
      art::ThreadPool::StopWorkers*;
      art::ThreadPool::ThreadPool*;
      art::ThreadPool::Wait*;
      art::ThrowClassFormatError*;
      art::ThrowIllegalAccessErrorClass*;
      art::ThrowIllegalAccessErrorClassForMethodDispatch*;
      art::ThrowIllegalAccessErrorField*;
      art::ThrowIllegalAccessErrorFinalField*;
      art::ThrowIllegalAccessErrorMethod*;
      art::ThrowIllegalStateException*;
      art::ThrowIncompatibleClassChangeError*;
      art::ThrowIncompatibleClassChangeErrorField*;
      art::ThrowNoSuchFieldError*;
      art::ThrowNoSuchMethodError*;
      art::ThrowNullPointerException*;
      art::TimingLogger::Dump*;
      art::TimingLogger::EndTiming*;
      art::TimingLogger::GetTotalNs*;
      art::TimingLogger::StartTiming*;
      art::TimingLogger::TimingLogger*;
      art::TimingLogger::~TimingLogger*;
      art::TrackedArena::SetFirstObject*;
      art::UnboxPrimitiveForResult*;
      art::VdexFile::GetNextDexFileData*;
      art::VdexFile::OpenAllDexFiles*;
      art::VdexFile::OpenAtAddress*;
      art::VdexFile::OpenFromDm*;
      art::VdexFile::VdexFileHeader::IsMagicValid*;
      art::VdexFile::VdexFileHeader::IsVdexVersionValid*;
      art::VdexFile::VdexFileHeader::VdexFileHeader*;
      art::WellKnownClasses::Init*;
      art::WellKnownClasses::StringInitToEntryPoint*;
      art::WellKnownClasses::ToClass*;
      art::WellKnownClasses::dalvik_system_BaseDexClassLoader*;
      art::WellKnownClasses::dalvik_system_BaseDexClassLoader_pathList*;
      art::WellKnownClasses::dalvik_system_DexFile*;
      art::WellKnownClasses::dalvik_system_DexFile_cookie*;
      art::WellKnownClasses::dalvik_system_DexPathList__Element_dexFile*;
      art::WellKnownClasses::dalvik_system_DexPathList_dexElements*;
      art::WellKnownClasses::java_lang_BootClassLoader*;
      art::WellKnownClasses::java_lang_ClassLoader*;
      art::WellKnownClasses::java_lang_Daemons*;
      art::WellKnownClasses::java_lang_Daemons_waitForDaemonStart*;
      art::WellKnownClasses::java_lang_Double_doubleToRawLongBits*;
      art::WellKnownClasses::java_lang_Float_floatToRawIntBits*;
      art::WellKnownClasses::java_lang_OutOfMemoryError*;
      art::WellKnownClasses::java_lang_String_charAt*;
      art::WellKnownClasses::java_lang_System*;
      art::WellKnownClasses::java_lang_Thread*;
      art::WellKnownClasses::java_lang_ThreadGroup*;
      art::WellKnownClasses::java_lang_ThreadGroup_systemThreadGroup*;
      art::WellKnownClasses::java_lang_Thread_init*;
      art::annotations::GetNativeMethodAnnotationAccessFlags*;
      art::annotations::GetSignatureAnnotationForClass*;
      art::annotations::GetSignatureAnnotationForField*;
      art::annotations::GetSignatureAnnotationForMethod*;
      art::annotations::GetSourceDebugExtension*;
      art::annotations::HasDeadReferenceSafeAnnotation*;
      art::annotations::MethodContainsRSensitiveAccess*;
      art::annotations::MethodIsNeverCompile*;
      art::annotations::MethodIsNeverInline*;
      art::arm64::operator*art::arm64::DRegister*;
      art::arm64::operator*art::arm64::SRegister*;
      art::arm64::operator*art::arm64::WRegister*;
      art::arm64::operator*art::arm64::XRegister*;
      art::arm::operator*art::arm::Register*;
      art::arm::operator*art::arm::SRegister*;
      art::fault_manager*;
      art::gc::AllocRecordObjectMap::RecordAllocation*;
      art::gc::GCCriticalSection::Enter*;
      art::gc::GCCriticalSection::Exit*;
      art::gc::Heap::AddFinalizerReference*;
      art::gc::Heap::AllocWithNewTLAB*;
      art::gc::Heap::AllocateInternalWithGc*;
      art::gc::Heap::CheckGcStressMode*;
      art::gc::Heap::CheckPreconditionsForAllocObject*;
      art::gc::Heap::CollectGarbage*;
      art::gc::Heap::DecrementDisableMovingGC*;
      art::gc::Heap::DumpSpaces*;
      art::gc::Heap::FindContinuousSpaceFromObject*;
      art::gc::Heap::FlushAllocStack*;
      art::gc::Heap::GetTotalMemory*;
      art::gc::Heap::GetVerification*;
      art::gc::Heap::IncrementDisableMovingGC*;
      art::gc::Heap::IsMovableObject*;
      art::gc::Heap::JHPCheckNonTlabSampleAllocation*;
      art::gc::Heap::ObjectIsInBootImageSpace*;
      art::gc::Heap::PerformHomogeneousSpaceCompact*;
      art::gc::Heap::PushOnThreadLocalAllocationStackWithInternalGC*;
      art::gc::Heap::RemoveAllocationListener*;
      art::gc::Heap::RemoveGcPauseListener*;
      art::gc::Heap::RequestConcurrentGCAndSaveObject*;
      art::gc::Heap::RevokeAllThreadLocalAllocationStacks*;
      art::gc::Heap::SetAllocationListener*;
      art::gc::Heap::SetGcPauseListener*;
      art::gc::Heap::SupportHomogeneousSpaceCompactAndCollectorTransitions*;
      art::gc::Heap::TraceHeapSize*;
      art::gc::Heap::Trim*;
      art::gc::Heap::VlogHeapGrowth*;
      art::gc::ScopedGCCriticalSection::ScopedGCCriticalSection*;
      art::gc::ScopedGCCriticalSection::~ScopedGCCriticalSection*;
      art::gc::Verification::FirstPathFromRootSet*;
      art::gc::Verification::LogHeapCorruption*;
      art::gc::accounting::SpaceBitmap*::Create*;
      art::gc::accounting::SpaceBitmap*::~SpaceBitmap*;
      art::gc::allocator::RosAlloc::AllocFromRun*;
      art::gc::allocator::RosAlloc::AllocLargeObject*;
      art::gc::allocator::RosAlloc::UsableSize*;
      art::gc::allocator::RosAlloc::bracketSizes*;
      art::gc::allocator::RosAlloc::numOfSlots*;
      art::gc::collector::ConcurrentCopying::AssertToSpaceInvariant*;
      art::gc::collector::ConcurrentCopying::Copy*;
      art::gc::collector::ConcurrentCopying::DumpHeapReference*;
      art::gc::collector::ConcurrentCopying::MarkFromReadBarrierWithMeasurements*;
      art::gc::collector::ConcurrentCopying::MarkNonMoving*;
      art::gc::collector::ConcurrentCopying::PushOntoMarkStack*;
      art::gc::operator*art::gc::CollectorType*;
      art::gc::space::BumpPointerSpace::AllocationSizeNonvirtual*;
      art::gc::space::BumpPointerSpace::Clear*;
      art::gc::space::BumpPointerSpace::Dump*;
      art::gc::space::BumpPointerSpace::GetBytesAllocated*;
      art::gc::space::BumpPointerSpace::GetObjectsAllocated*;
      art::gc::space::BumpPointerSpace::GetSweepCallback*;
      art::gc::space::BumpPointerSpace::LogFragmentationAllocFailure*;
      art::gc::space::BumpPointerSpace::RevokeAllThreadLocalBuffers*;
      art::gc::space::BumpPointerSpace::RevokeThreadLocalBuffers*;
      art::gc::space::BumpPointerSpace::UpdateMainBlock*;
      art::gc::space::ImageSpace::CreateFromAppImage*;
      art::gc::space::ImageSpace::ExpandMultiImageLocations*;
      art::gc::space::ImageSpace::GetBootClassPathChecksums*;
      art::gc::space::ImageSpace::GetOatFile*;
      art::gc::space::RegionSpace::AllocateRegion*;
      art::gc::space::RegionSpace::AllocationSizeNonvirtual*;
      art::gc::space::RegionSpace::Clear*;
      art::gc::space::RegionSpace::Dump*;
      art::gc::space::RegionSpace::DumpNonFreeRegions*;
      art::gc::space::RegionSpace::LogFragmentationAllocFailure*;
      art::gc::space::RegionSpace::Region::UnfreeLarge*;
      art::gc::space::RegionSpace::Region::UnfreeLargeTail*;
      art::gc::space::RegionSpace::RevokeAllThreadLocalBuffers*;
      art::gc::space::RegionSpace::RevokeThreadLocalBuffers*;
      art::gc::space::RegionSpace::Unprotect*;
      art::gc::space::Space::AsAllocSpace*;
      art::gc::space::Space::AsBumpPointerSpace*;
      art::gc::space::Space::AsContinuousMemMapAllocSpace*;
      art::gc::space::Space::AsDlMallocSpace*;
      art::gc::space::Space::AsRegionSpace*;
      art::gc::space::Space::AsRosAllocSpace*;
      art::gc::space::Space::AsZygoteSpace*;
      art::gc::space::Space::Dump*;
      art::gc::space::operator*art::gc::space::RegionSpace::RegionState*;
      art::gc::space::operator*art::gc::space::Space*;
      art::instrumentation::Instrumentation::AddListener*;
      art::instrumentation::Instrumentation::Deoptimize*;
      art::instrumentation::Instrumentation::DisableDeoptimization*;
      art::instrumentation::Instrumentation::GetCodeForInvoke*;
      art::instrumentation::Instrumentation::GetCurrentInstrumentationLevel*;
      art::instrumentation::Instrumentation::InitializeMethodsCode*;
      art::instrumentation::Instrumentation::InstrumentThreadStack*;
      art::instrumentation::Instrumentation::IsDeoptimized*;
      art::instrumentation::Instrumentation::RemoveListener*;
      art::instrumentation::Instrumentation::Undeoptimize*;
      art::interpreter::UnstartedRuntime::Initialize*;
      art::jit::Jit::AddMemoryUsage*;
      art::jit::Jit::AddTimingLogger*;
      art::jit::Jit::CanAssumeInitialized*;
      art::jit::Jit::CanEncodeClass*;
      art::jit::Jit::CanEncodeMethod*;
      art::jit::Jit::CanEncodeString*;
      art::jit::Jit::CompileMethod*;
      art::jit::Jit::JitAtFirstUse*;
      art::jit::Jit::PostForkChildAction*;
      art::jit::Jit::PreZygoteFork*;
      art::jit::Jit::Start*;
      art::jit::Jit::Stop*;
      art::jit::Jit::WaitForCompilationToFinish*;
      art::jit::Jit::jit_compiler_*;
      art::jit::JitCodeCache::Commit*;
      art::jit::JitCodeCache::ContainsMethod*;
      art::jit::JitCodeCache::ContainsPc*;
      art::jit::JitCodeCache::CopyInlineCacheInto*;
      art::jit::JitCodeCache::Free*;
      art::jit::JitCodeCache::GarbageCollectCache*;
      art::jit::JitCodeCache::GetProfiledMethods*;
      art::jit::JitCodeCache::GetProfilingInfo*;
      art::jit::JitCodeCache::InvalidateAllCompiledCode*;
      art::jit::JitCodeCache::LookupOsrMethodHeader*;
      art::jit::JitCodeCache::MoveObsoleteMethod*;
      art::jit::JitCodeCache::NotifyMethodRedefined*;
      art::jit::JitCodeCache::PostForkChildAction*;
      art::jit::JitCodeCache::RemoveMethod*;
      art::jit::JitCodeCache::Reserve*;
      art::jit::JitCodeCache::SetGarbageCollectCode*;
      art::jit::JitCodeCache::ShouldDoFullCollection*;
      art::jit::ScopedJitSuspend::ScopedJitSuspend*;
      art::jit::ScopedJitSuspend::~ScopedJitSuspend*;
      art::jni::JniIdManager::DecodeFieldId*;
      art::jni::JniIdManager::DecodeMethodId*;
      art::jni::JniIdManager::EncodeFieldId*;
      art::jni::JniIdManager::EncodeMethodId*;
      art::jni::JniIdManager::GetPointerMarker*;
      art::jni::ScopedEnableSuspendAllJniIdQueries::ScopedEnableSuspendAllJniIdQueries*;
      art::jni::ScopedEnableSuspendAllJniIdQueries::~ScopedEnableSuspendAllJniIdQueries*;
      art::mirror::Array::CopyOf*;
      art::mirror::Array::ThrowArrayIndexOutOfBoundsException*;
      art::mirror::Array::ThrowArrayStoreException*;
      art::mirror::Class::Depth*;
      art::mirror::Class::EnsureExtDataPresent*;
      art::mirror::Class::EnsureInstanceFieldIds*;
      art::mirror::Class::EnsureMethodIds*;
      art::mirror::Class::EnsureStaticFieldIds*;
      art::mirror::Class::FindClassInitializer*;
      art::mirror::Class::FindClassMethod*;
      art::mirror::Class::FindConstructor*;
      art::mirror::Class::FindDeclaredDirectMethodByName*;
      art::mirror::Class::FindDeclaredInstanceField*;
      art::mirror::Class::FindDeclaredStaticField*;
      art::mirror::Class::FindDeclaredVirtualMethodByName*;
      art::mirror::Class::FindInterfaceMethod*;
      art::mirror::Class::FindTypeIndexInOtherDexFile*;
      art::mirror::Class::FindVirtualMethodForInterfaceSuper*;
      art::mirror::Class::GetClassDef*;
      art::mirror::Class::GetCommonSuperClass*;
      art::mirror::Class::GetDescriptor*;
      art::mirror::Class::GetDirectInterface*;
      art::mirror::Class::GetInnerClassFlags*;
      art::mirror::Class::GetInterfaceTypeList*;
      art::mirror::Class::GetLocation*;
      art::mirror::Class::GetObsoleteClass*;
      art::mirror::Class::GetSourceFile*;
      art::mirror::Class::IsInSamePackage*;
      art::mirror::Class::IsMirrored*;
      art::mirror::Class::IsThrowableClass*;
      art::mirror::Class::PrettyClass*;
      art::mirror::Class::PrettyDescriptor*;
      art::mirror::Class::ProxyDescriptorEquals*;
      art::mirror::Class::ResolveDirectInterface*;
      art::mirror::Class::SetDexCache*;
      art::mirror::Class::SetSkipAccessChecksFlagOnAllMethods*;
      art::mirror::Class::SetStatus*;
      art::mirror::Class::UpdateHashForProxyClass*;
      art::mirror::ClassExt::ExtendObsoleteArrays*;
      art::mirror::ClassExt::SetIdsArraysForClassExtExtData*;
      art::mirror::ClassExt::SetObsoleteArrays*;
      art::mirror::ClassExt::SetObsoleteClass*;
      art::mirror::ClassExt::SetOriginalDexFile*;
      art::mirror::ClassExt::SetPreRedefineClassDefIndex*;
      art::mirror::ClassExt::SetPreRedefineDexFile*;
      art::mirror::DexCache::GetClassLoader*;
      art::mirror::DexCache::Initialize*;
      art::mirror::DexCache::ResetNativeArrays*;
      art::mirror::DexCache::SetLocation*;
      art::mirror::MethodHandleImpl::Create*;
      art::mirror::MethodType::Create*;
      art::mirror::Object::IdentityHashCode*;
      art::mirror::Object::PrettyTypeOf*;
      art::mirror::Object::SetHashCodeSeed*;
      art::mirror::PrimitiveArray*::Alloc*;
      art::mirror::PrimitiveArray*::Get*;
      art::mirror::PrimitiveArray*::GetWithoutChecks*;
      art::mirror::PrimitiveArray*::Memcpy*;
      art::mirror::PrimitiveArray*::Set*;
      art::mirror::String::AllocFromModifiedUtf8*;
      art::mirror::String::ComputeAndSetHashCode*;
      art::mirror::String::Equals*;
      art::mirror::String::Intern*;
      art::mirror::String::ToModifiedUtf8*;
      art::mirror::Throwable::Dump*;
      art::mirror::VarHandle::GetAccessModeByIntrinsic*;
      art::mirror::VarHandle::GetAccessModeTemplate*;
      art::mirror::VarHandle::GetAccessModeTemplateByIntrinsic*;
      art::mirror::VarHandle::GetAccessModesBitMask*;
      art::mirror::VarHandle::GetCoordinateType0*;
      art::mirror::VarHandle::GetNumberOfVarTypeParameters*;
      art::mirror::VarHandle::GetVarType*;
      art::operator*art::ClassStatus*;
      art::operator*art::CompilationKind*;
      art::operator*art::DexRegisterLocation*;
      art::operator*art::DexRegisterLocation::Kind*;
      art::operator*art::ImageHeader::ImageRoot*;
      art::operator*art::ImageHeader::ImageSections*;
      art::operator*art::ImageHeader::StorageMode*;
      art::operator*art::ImageSection*;
      art::operator*art::IndirectRefKind*;
      art::operator*art::InstructionSetFeatures*;
      art::operator*art::JniIdType*;
      art::operator*art::LockLevel*;
      art::operator*art::LockWord::LockState*;
      art::operator*art::Mutex*;
      art::operator*art::OatClassType*;
      art::operator*art::Offset*;
      art::operator*art::ReaderWriterMutex*;
      art::operator*art::ReflectionSourceType*;
      art::operator*art::RootType*;
      art::operator*art::Thread*;
      art::operator*art::ThreadState*;
      art::verifier::ClassVerifier::VerifyClass*;
      art::verifier::MethodVerifier::CalculateVerificationInfo*;
      art::verifier::MethodVerifier::VerifyMethodAndDump*;
      art::verifier::VerifierDeps::Dump*;
      art::verifier::VerifierDeps::Encode*;
      art::verifier::VerifierDeps::GetDexFileDeps*;
      art::verifier::VerifierDeps::MaybeRecordVerificationStatus*;
      art::verifier::VerifierDeps::MergeWith*;
      art::verifier::VerifierDeps::ParseStoredData*;
      art::verifier::VerifierDeps::ValidateDependencies*;
      art::verifier::VerifierDeps::VerifierDeps*;
      art::verifier::operator*art::verifier::FailureKind*;
      art::x86::operator*art::x86::Register*;
      art::x86_64::operator*art::x86_64::FloatRegister*;
      art::x86_64::operator*art::x86_64::Register*;
      non-virtual*art::gc::space::BumpPointerSpace::GetBytesAllocated*;
      non-virtual*art::gc::space::BumpPointerSpace::GetObjectsAllocated*;
      non-virtual*art::gc::space::BumpPointerSpace::LogFragmentationAllocFailure*;
      non-virtual*art::gc::space::BumpPointerSpace::RevokeAllThreadLocalBuffers*;
      non-virtual*art::gc::space::BumpPointerSpace::RevokeThreadLocalBuffers*;
      non-virtual*art::gc::space::RegionSpace::LogFragmentationAllocFailure*;
      non-virtual*art::gc::space::RegionSpace::RevokeAllThreadLocalBuffers*;
      non-virtual*art::gc::space::RegionSpace::RevokeThreadLocalBuffers*;
      void*art::Barrier::Increment*;
      void*art::StackVisitor::WalkStack*;
      void*art::Thread::DumpThreadOffset*;
      void*art::mirror::Class::GetAccessFlagsDCheck*;
      vtable*art::ExecUtils;
      vtable*art::ReflectiveHandleScopeSourceInfo;
      vtable*art::gc::space::Space;
    };

    JNI_CreateJavaVM;
    JNI_GetCreatedJavaVMs;
    JNI_GetDefaultJavaVMInitArgs;
    __dex_debug_register_code;
    __jit_debug_register_code;
    artQuickGetProxyReferenceArgumentAt;
    mspace_malloc;
    mspace_usable_size;

  local:
    *;
};
